
> bandcamp-discovery-player@0.0.3 build
> tsc && vite build

[36mvite v7.3.1 [32mbuilding client environment for production...[36m[39m
transforming...
[32mΓ£ô[39m 10 modules transformed.
rendering chunks...
computing gzip size...
[2m../dist/public/[22m[32mindex.html                [39m[1m[2m 4.84 kB[22m[1m[22m[2m Γöé gzip: 1.37 kB[22m
[2m../dist/public/[22m[35massets/main-DUAp6eBD.css  [39m[1m[2m14.51 kB[22m[1m[22m[2m Γöé gzip: 3.56 kB[22m
[2m../dist/public/[22m[36massets/main-D_CeL0Dm.js   [39m[1m[2m15.64 kB[22m[1m[22m[2m Γöé gzip: 5.45 kB[22m
[32mΓ£ô built in 273ms[39m
